running egg_info
writing ../build/usb_camera_pkg/usb_camera_pkg.egg-info/PKG-INFO
writing dependency_links to ../build/usb_camera_pkg/usb_camera_pkg.egg-info/dependency_links.txt
writing entry points to ../build/usb_camera_pkg/usb_camera_pkg.egg-info/entry_points.txt
writing requirements to ../build/usb_camera_pkg/usb_camera_pkg.egg-info/requires.txt
writing top-level names to ../build/usb_camera_pkg/usb_camera_pkg.egg-info/top_level.txt
reading manifest file '../build/usb_camera_pkg/usb_camera_pkg.egg-info/SOURCES.txt'
writing manifest file '../build/usb_camera_pkg/usb_camera_pkg.egg-info/SOURCES.txt'
running build
running build_py
copying usb_camera_pkg/camera_subscriber.py -> /root/RPI/build/usb_camera_pkg/build/lib/usb_camera_pkg
copying usb_camera_pkg/camera_publisher.py -> /root/RPI/build/usb_camera_pkg/build/lib/usb_camera_pkg
copying usb_camera_pkg/aruco_detector.py -> /root/RPI/build/usb_camera_pkg/build/lib/usb_camera_pkg
running install
running install_lib
copying /root/RPI/build/usb_camera_pkg/build/lib/usb_camera_pkg/camera_subscriber.py -> /root/RPI/install/usb_camera_pkg/lib/python3.10/site-packages/usb_camera_pkg
copying /root/RPI/build/usb_camera_pkg/build/lib/usb_camera_pkg/camera_publisher.py -> /root/RPI/install/usb_camera_pkg/lib/python3.10/site-packages/usb_camera_pkg
copying /root/RPI/build/usb_camera_pkg/build/lib/usb_camera_pkg/aruco_detector.py -> /root/RPI/install/usb_camera_pkg/lib/python3.10/site-packages/usb_camera_pkg
byte-compiling /root/RPI/install/usb_camera_pkg/lib/python3.10/site-packages/usb_camera_pkg/camera_subscriber.py to camera_subscriber.cpython-310.pyc
byte-compiling /root/RPI/install/usb_camera_pkg/lib/python3.10/site-packages/usb_camera_pkg/camera_publisher.py to camera_publisher.cpython-310.pyc
byte-compiling /root/RPI/install/usb_camera_pkg/lib/python3.10/site-packages/usb_camera_pkg/aruco_detector.py to aruco_detector.cpython-310.pyc
running install_data
running install_egg_info
removing '/root/RPI/install/usb_camera_pkg/lib/python3.10/site-packages/usb_camera_pkg-0.0.0-py3.10.egg-info' (and everything under it)
Copying ../build/usb_camera_pkg/usb_camera_pkg.egg-info to /root/RPI/install/usb_camera_pkg/lib/python3.10/site-packages/usb_camera_pkg-0.0.0-py3.10.egg-info
running install_scripts
Installing aruco_detector script to /root/RPI/install/usb_camera_pkg/lib/usb_camera_pkg
Installing camera_publisher script to /root/RPI/install/usb_camera_pkg/lib/usb_camera_pkg
Installing camera_subscriber script to /root/RPI/install/usb_camera_pkg/lib/usb_camera_pkg
writing list of installed files to '/root/RPI/build/usb_camera_pkg/install.log'
