running egg_info
creating ../build/usb_camera_pkg/usb_camera_pkg.egg-info
writing ../build/usb_camera_pkg/usb_camera_pkg.egg-info/PKG-INFO
writing dependency_links to ../build/usb_camera_pkg/usb_camera_pkg.egg-info/dependency_links.txt
writing entry points to ../build/usb_camera_pkg/usb_camera_pkg.egg-info/entry_points.txt
writing requirements to ../build/usb_camera_pkg/usb_camera_pkg.egg-info/requires.txt
writing top-level names to ../build/usb_camera_pkg/usb_camera_pkg.egg-info/top_level.txt
writing manifest file '../build/usb_camera_pkg/usb_camera_pkg.egg-info/SOURCES.txt'
reading manifest file '../build/usb_camera_pkg/usb_camera_pkg.egg-info/SOURCES.txt'
writing manifest file '../build/usb_camera_pkg/usb_camera_pkg.egg-info/SOURCES.txt'
running build
running build_py
creating /root/RPI/build/usb_camera_pkg/build
creating /root/RPI/build/usb_camera_pkg/build/lib
creating /root/RPI/build/usb_camera_pkg/build/lib/usb_camera_pkg
copying usb_camera_pkg/__init__.py -> /root/RPI/build/usb_camera_pkg/build/lib/usb_camera_pkg
running install
running install_lib
creating /root/RPI/install/usb_camera_pkg/lib/python3.10/site-packages/usb_camera_pkg
copying /root/RPI/build/usb_camera_pkg/build/lib/usb_camera_pkg/__init__.py -> /root/RPI/install/usb_camera_pkg/lib/python3.10/site-packages/usb_camera_pkg
byte-compiling /root/RPI/install/usb_camera_pkg/lib/python3.10/site-packages/usb_camera_pkg/__init__.py to __init__.cpython-310.pyc
running install_data
creating /root/RPI/install/usb_camera_pkg/share/ament_index
creating /root/RPI/install/usb_camera_pkg/share/ament_index/resource_index
creating /root/RPI/install/usb_camera_pkg/share/ament_index/resource_index/packages
copying resource/usb_camera_pkg -> /root/RPI/install/usb_camera_pkg/share/ament_index/resource_index/packages
copying package.xml -> /root/RPI/install/usb_camera_pkg/share/usb_camera_pkg
running install_egg_info
Copying ../build/usb_camera_pkg/usb_camera_pkg.egg-info to /root/RPI/install/usb_camera_pkg/lib/python3.10/site-packages/usb_camera_pkg-0.0.0-py3.10.egg-info
running install_scripts
Installing camera_publisher script to /root/RPI/install/usb_camera_pkg/lib/usb_camera_pkg
Installing camera_subscriber script to /root/RPI/install/usb_camera_pkg/lib/usb_camera_pkg
writing list of installed files to '/root/RPI/build/usb_camera_pkg/install.log'
