[0.943s] Invoking command in '/root/RPI/usb_camera_pkg': PYTHONPATH=/root/RPI/build/usb_camera_pkg/prefix_override:/usr/lib/python3/dist-packages/colcon_core/task/python/colcon_distutils_commands:/root/RPI/install/usb_camera_pkg/lib/python3.10/site-packages:${PYTHONPATH} /usr/bin/python3 -W ignore:setup.py install is deprecated setup.py egg_info --egg-base ../build/usb_camera_pkg build --build-base /root/RPI/build/usb_camera_pkg/build install --record /root/RPI/build/usb_camera_pkg/install.log --single-version-externally-managed install_data
[1.250s] running egg_info
[1.251s] creating ../build/usb_camera_pkg/usb_camera_pkg.egg-info
[1.251s] writing ../build/usb_camera_pkg/usb_camera_pkg.egg-info/PKG-INFO
[1.252s] writing dependency_links to ../build/usb_camera_pkg/usb_camera_pkg.egg-info/dependency_links.txt
[1.252s] writing entry points to ../build/usb_camera_pkg/usb_camera_pkg.egg-info/entry_points.txt
[1.252s] writing requirements to ../build/usb_camera_pkg/usb_camera_pkg.egg-info/requires.txt
[1.252s] writing top-level names to ../build/usb_camera_pkg/usb_camera_pkg.egg-info/top_level.txt
[1.252s] writing manifest file '../build/usb_camera_pkg/usb_camera_pkg.egg-info/SOURCES.txt'
[1.255s] reading manifest file '../build/usb_camera_pkg/usb_camera_pkg.egg-info/SOURCES.txt'
[1.256s] writing manifest file '../build/usb_camera_pkg/usb_camera_pkg.egg-info/SOURCES.txt'
[1.257s] running build
[1.257s] running build_py
[1.257s] creating /root/RPI/build/usb_camera_pkg/build
[1.257s] creating /root/RPI/build/usb_camera_pkg/build/lib
[1.257s] creating /root/RPI/build/usb_camera_pkg/build/lib/usb_camera_pkg
[1.257s] copying usb_camera_pkg/camera_subscriber.py -> /root/RPI/build/usb_camera_pkg/build/lib/usb_camera_pkg
[1.257s] copying usb_camera_pkg/camera_publisher.py -> /root/RPI/build/usb_camera_pkg/build/lib/usb_camera_pkg
[1.258s] copying usb_camera_pkg/__init__.py -> /root/RPI/build/usb_camera_pkg/build/lib/usb_camera_pkg
[1.258s] running install
[1.261s] running install_lib
[1.263s] creating /root/RPI/install/usb_camera_pkg/lib/python3.10/site-packages/usb_camera_pkg
[1.264s] copying /root/RPI/build/usb_camera_pkg/build/lib/usb_camera_pkg/camera_subscriber.py -> /root/RPI/install/usb_camera_pkg/lib/python3.10/site-packages/usb_camera_pkg
[1.264s] copying /root/RPI/build/usb_camera_pkg/build/lib/usb_camera_pkg/camera_publisher.py -> /root/RPI/install/usb_camera_pkg/lib/python3.10/site-packages/usb_camera_pkg
[1.265s] copying /root/RPI/build/usb_camera_pkg/build/lib/usb_camera_pkg/__init__.py -> /root/RPI/install/usb_camera_pkg/lib/python3.10/site-packages/usb_camera_pkg
[1.266s] byte-compiling /root/RPI/install/usb_camera_pkg/lib/python3.10/site-packages/usb_camera_pkg/camera_subscriber.py to camera_subscriber.cpython-310.pyc
[1.267s] byte-compiling /root/RPI/install/usb_camera_pkg/lib/python3.10/site-packages/usb_camera_pkg/camera_publisher.py to camera_publisher.cpython-310.pyc
[1.268s] byte-compiling /root/RPI/install/usb_camera_pkg/lib/python3.10/site-packages/usb_camera_pkg/__init__.py to __init__.cpython-310.pyc
[1.269s] running install_data
[1.269s] creating /root/RPI/install/usb_camera_pkg/share/ament_index
[1.269s] creating /root/RPI/install/usb_camera_pkg/share/ament_index/resource_index
[1.269s] creating /root/RPI/install/usb_camera_pkg/share/ament_index/resource_index/packages
[1.270s] copying resource/usb_camera_pkg -> /root/RPI/install/usb_camera_pkg/share/ament_index/resource_index/packages
[1.270s] copying package.xml -> /root/RPI/install/usb_camera_pkg/share/usb_camera_pkg
[1.270s] running install_egg_info
[1.274s] Copying ../build/usb_camera_pkg/usb_camera_pkg.egg-info to /root/RPI/install/usb_camera_pkg/lib/python3.10/site-packages/usb_camera_pkg-0.0.0-py3.10.egg-info
[1.275s] running install_scripts
[1.309s] Installing camera_publisher script to /root/RPI/install/usb_camera_pkg/lib/usb_camera_pkg
[1.309s] Installing camera_subscriber script to /root/RPI/install/usb_camera_pkg/lib/usb_camera_pkg
[1.310s] writing list of installed files to '/root/RPI/build/usb_camera_pkg/install.log'
[1.385s] Invoked command in '/root/RPI/usb_camera_pkg' returned '0': PYTHONPATH=/root/RPI/build/usb_camera_pkg/prefix_override:/usr/lib/python3/dist-packages/colcon_core/task/python/colcon_distutils_commands:/root/RPI/install/usb_camera_pkg/lib/python3.10/site-packages:${PYTHONPATH} /usr/bin/python3 -W ignore:setup.py install is deprecated setup.py egg_info --egg-base ../build/usb_camera_pkg build --build-base /root/RPI/build/usb_camera_pkg/build install --record /root/RPI/build/usb_camera_pkg/install.log --single-version-externally-managed install_data
