[0.903s] Invoking command in '/root/RPI/usb_camera_pkg': PYTHONPATH=/root/RPI/usb_camera_pkg/build/usb_camera_pkg/prefix_override:/usr/lib/python3/dist-packages/colcon_core/task/python/colcon_distutils_commands:/root/RPI/usb_camera_pkg/install/usb_camera_pkg/lib/python3.10/site-packages:${PYTHONPATH} /usr/bin/python3 -W ignore:setup.py install is deprecated setup.py egg_info --egg-base build/usb_camera_pkg build --build-base /root/RPI/usb_camera_pkg/build/usb_camera_pkg/build install --record /root/RPI/usb_camera_pkg/build/usb_camera_pkg/install.log --single-version-externally-managed install_data
[1.239s] running egg_info
[1.240s] creating build/usb_camera_pkg/usb_camera_pkg.egg-info
[1.240s] writing build/usb_camera_pkg/usb_camera_pkg.egg-info/PKG-INFO
[1.241s] writing dependency_links to build/usb_camera_pkg/usb_camera_pkg.egg-info/dependency_links.txt
[1.241s] writing entry points to build/usb_camera_pkg/usb_camera_pkg.egg-info/entry_points.txt
[1.241s] writing requirements to build/usb_camera_pkg/usb_camera_pkg.egg-info/requires.txt
[1.241s] writing top-level names to build/usb_camera_pkg/usb_camera_pkg.egg-info/top_level.txt
[1.241s] writing manifest file 'build/usb_camera_pkg/usb_camera_pkg.egg-info/SOURCES.txt'
[1.244s] reading manifest file 'build/usb_camera_pkg/usb_camera_pkg.egg-info/SOURCES.txt'
[1.245s] writing manifest file 'build/usb_camera_pkg/usb_camera_pkg.egg-info/SOURCES.txt'
[1.246s] running build
[1.246s] running build_py
[1.246s] creating /root/RPI/usb_camera_pkg/build/usb_camera_pkg/build
[1.246s] creating /root/RPI/usb_camera_pkg/build/usb_camera_pkg/build/lib
[1.247s] creating /root/RPI/usb_camera_pkg/build/usb_camera_pkg/build/lib/usb_camera_pkg
[1.247s] copying usb_camera_pkg/camera_subscriber.py -> /root/RPI/usb_camera_pkg/build/usb_camera_pkg/build/lib/usb_camera_pkg
[1.247s] copying usb_camera_pkg/camera_publisher.py -> /root/RPI/usb_camera_pkg/build/usb_camera_pkg/build/lib/usb_camera_pkg
[1.247s] copying usb_camera_pkg/__init__.py -> /root/RPI/usb_camera_pkg/build/usb_camera_pkg/build/lib/usb_camera_pkg
[1.248s] running install
[1.249s] running install_lib
[1.253s] creating /root/RPI/usb_camera_pkg/install/usb_camera_pkg/lib/python3.10/site-packages/usb_camera_pkg
[1.254s] copying /root/RPI/usb_camera_pkg/build/usb_camera_pkg/build/lib/usb_camera_pkg/camera_subscriber.py -> /root/RPI/usb_camera_pkg/install/usb_camera_pkg/lib/python3.10/site-packages/usb_camera_pkg
[1.254s] copying /root/RPI/usb_camera_pkg/build/usb_camera_pkg/build/lib/usb_camera_pkg/camera_publisher.py -> /root/RPI/usb_camera_pkg/install/usb_camera_pkg/lib/python3.10/site-packages/usb_camera_pkg
[1.254s] copying /root/RPI/usb_camera_pkg/build/usb_camera_pkg/build/lib/usb_camera_pkg/__init__.py -> /root/RPI/usb_camera_pkg/install/usb_camera_pkg/lib/python3.10/site-packages/usb_camera_pkg
[1.255s] byte-compiling /root/RPI/usb_camera_pkg/install/usb_camera_pkg/lib/python3.10/site-packages/usb_camera_pkg/camera_subscriber.py to camera_subscriber.cpython-310.pyc
[1.255s] byte-compiling /root/RPI/usb_camera_pkg/install/usb_camera_pkg/lib/python3.10/site-packages/usb_camera_pkg/camera_publisher.py to camera_publisher.cpython-310.pyc
[1.256s] byte-compiling /root/RPI/usb_camera_pkg/install/usb_camera_pkg/lib/python3.10/site-packages/usb_camera_pkg/__init__.py to __init__.cpython-310.pyc
[1.256s] running install_data
[1.256s] creating /root/RPI/usb_camera_pkg/install/usb_camera_pkg/share/ament_index
[1.257s] creating /root/RPI/usb_camera_pkg/install/usb_camera_pkg/share/ament_index/resource_index
[1.257s] creating /root/RPI/usb_camera_pkg/install/usb_camera_pkg/share/ament_index/resource_index/packages
[1.257s] copying resource/usb_camera_pkg -> /root/RPI/usb_camera_pkg/install/usb_camera_pkg/share/ament_index/resource_index/packages
[1.257s] copying package.xml -> /root/RPI/usb_camera_pkg/install/usb_camera_pkg/share/usb_camera_pkg
[1.257s] running install_egg_info
[1.260s] Copying build/usb_camera_pkg/usb_camera_pkg.egg-info to /root/RPI/usb_camera_pkg/install/usb_camera_pkg/lib/python3.10/site-packages/usb_camera_pkg-0.0.0-py3.10.egg-info
[1.262s] running install_scripts
[1.297s] Installing camera_publisher script to /root/RPI/usb_camera_pkg/install/usb_camera_pkg/lib/usb_camera_pkg
[1.298s] Installing camera_subscriber script to /root/RPI/usb_camera_pkg/install/usb_camera_pkg/lib/usb_camera_pkg
[1.298s] writing list of installed files to '/root/RPI/usb_camera_pkg/build/usb_camera_pkg/install.log'
[1.375s] Invoked command in '/root/RPI/usb_camera_pkg' returned '0': PYTHONPATH=/root/RPI/usb_camera_pkg/build/usb_camera_pkg/prefix_override:/usr/lib/python3/dist-packages/colcon_core/task/python/colcon_distutils_commands:/root/RPI/usb_camera_pkg/install/usb_camera_pkg/lib/python3.10/site-packages:${PYTHONPATH} /usr/bin/python3 -W ignore:setup.py install is deprecated setup.py egg_info --egg-base build/usb_camera_pkg build --build-base /root/RPI/usb_camera_pkg/build/usb_camera_pkg/build install --record /root/RPI/usb_camera_pkg/build/usb_camera_pkg/install.log --single-version-externally-managed install_data
