[0.539s] DEBUG:colcon:Command line arguments: ['/usr/bin/colcon', 'build', '--packages-select', 'usb_camera_pkg']
[0.539s] DEBUG:colcon:Parsed command line arguments: Namespace(log_base=None, log_level=None, verb_name='build', build_base='build', install_base='install', merge_install=False, symlink_install=False, test_result_base=None, continue_on_error=False, executor='parallel', parallel_workers=4, event_handlers=None, ignore_user_meta=False, metas=['./colcon.meta'], base_paths=['.'], packages_ignore=None, packages_ignore_regex=None, paths=None, packages_up_to=None, packages_up_to_regex=None, packages_above=None, packages_above_and_dependencies=None, packages_above_depth=None, packages_select_by_dep=None, packages_skip_by_dep=None, packages_skip_up_to=None, packages_select_build_failed=False, packages_skip_build_finished=False, packages_select_test_failures=False, packages_skip_test_passed=False, packages_select=['usb_camera_pkg'], packages_skip=None, packages_select_regex=None, packages_skip_regex=None, packages_start=None, packages_end=None, cmake_args=None, cmake_target=None, cmake_target_skip_unavailable=False, cmake_clean_cache=False, cmake_clean_first=False, cmake_force_configure=False, ament_cmake_args=None, catkin_cmake_args=None, catkin_skip_building_tests=False, mixin_files=None, mixin=None, verb_parser=<colcon_mixin.mixin.mixin_argument.MixinArgumentDecorator object at 0xffff85037280>, verb_extension=<colcon_core.verb.build.BuildVerb object at 0xffff85036dd0>, main=<bound method BuildVerb.main of <colcon_core.verb.build.BuildVerb object at 0xffff85036dd0>>, mixin_verb=('build',))
[0.762s] Level 1:colcon.colcon_core.package_discovery:discover_packages(colcon_meta) check parameters
[0.763s] INFO:colcon.colcon_metadata.package_discovery.colcon_meta:Using configuration from '/root/.colcon/metadata/default/Gazebo.meta'
[0.764s] INFO:colcon.colcon_metadata.package_discovery.colcon_meta:Using configuration from '/root/.colcon/metadata/default/fastrtps.meta'
[0.765s] Level 1:colcon.colcon_core.package_discovery:discover_packages(recursive) check parameters
[0.765s] Level 1:colcon.colcon_core.package_discovery:discover_packages(ignore) check parameters
[0.765s] Level 1:colcon.colcon_core.package_discovery:discover_packages(path) check parameters
[0.765s] Level 1:colcon.colcon_core.package_discovery:discover_packages(colcon_meta) discover
[0.765s] Level 1:colcon.colcon_core.package_discovery:discover_packages(recursive) discover
[0.765s] INFO:colcon.colcon_core.package_discovery:Crawling recursively for packages in '/root/RPI'
[0.765s] Level 1:colcon.colcon_core.package_identification:_identify(.) by extensions ['ignore', 'ignore_ament_install']
[0.766s] Level 1:colcon.colcon_core.package_identification:_identify(.) by extension 'ignore'
[0.766s] Level 1:colcon.colcon_core.package_identification:_identify(.) by extension 'ignore_ament_install'
[0.766s] Level 1:colcon.colcon_core.package_identification:_identify(.) by extensions ['colcon_pkg']
[0.766s] Level 1:colcon.colcon_core.package_identification:_identify(.) by extension 'colcon_pkg'
[0.766s] Level 1:colcon.colcon_core.package_identification:_identify(.) by extensions ['colcon_meta']
[0.766s] Level 1:colcon.colcon_core.package_identification:_identify(.) by extension 'colcon_meta'
[0.766s] Level 1:colcon.colcon_core.package_identification:_identify(.) by extensions ['ros']
[0.766s] Level 1:colcon.colcon_core.package_identification:_identify(.) by extension 'ros'
[0.792s] Level 1:colcon.colcon_core.package_identification:_identify(.) by extensions ['cmake', 'python']
[0.792s] Level 1:colcon.colcon_core.package_identification:_identify(.) by extension 'cmake'
[0.793s] Level 1:colcon.colcon_core.package_identification:_identify(.) by extension 'python'
[0.793s] Level 1:colcon.colcon_core.package_identification:_identify(.) by extensions ['python_setup_py']
[0.793s] Level 1:colcon.colcon_core.package_identification:_identify(.) by extension 'python_setup_py'
[0.793s] Level 1:colcon.colcon_core.package_identification:_identify(build) by extensions ['ignore', 'ignore_ament_install']
[0.793s] Level 1:colcon.colcon_core.package_identification:_identify(build) by extension 'ignore'
[0.793s] Level 1:colcon.colcon_core.package_identification:_identify(build) ignored
[0.793s] Level 1:colcon.colcon_core.package_identification:_identify(install) by extensions ['ignore', 'ignore_ament_install']
[0.793s] Level 1:colcon.colcon_core.package_identification:_identify(install) by extension 'ignore'
[0.793s] Level 1:colcon.colcon_core.package_identification:_identify(install) ignored
[0.794s] Level 1:colcon.colcon_core.package_identification:_identify(log) by extensions ['ignore', 'ignore_ament_install']
[0.794s] Level 1:colcon.colcon_core.package_identification:_identify(log) by extension 'ignore'
[0.794s] Level 1:colcon.colcon_core.package_identification:_identify(log) ignored
[0.794s] Level 1:colcon.colcon_core.package_identification:_identify(usb_camera_pkg) by extensions ['ignore', 'ignore_ament_install']
[0.794s] Level 1:colcon.colcon_core.package_identification:_identify(usb_camera_pkg) by extension 'ignore'
[0.794s] Level 1:colcon.colcon_core.package_identification:_identify(usb_camera_pkg) by extension 'ignore_ament_install'
[0.794s] Level 1:colcon.colcon_core.package_identification:_identify(usb_camera_pkg) by extensions ['colcon_pkg']
[0.794s] Level 1:colcon.colcon_core.package_identification:_identify(usb_camera_pkg) by extension 'colcon_pkg'
[0.794s] Level 1:colcon.colcon_core.package_identification:_identify(usb_camera_pkg) by extensions ['colcon_meta']
[0.794s] Level 1:colcon.colcon_core.package_identification:_identify(usb_camera_pkg) by extension 'colcon_meta'
[0.794s] Level 1:colcon.colcon_core.package_identification:_identify(usb_camera_pkg) by extensions ['ros']
[0.794s] Level 1:colcon.colcon_core.package_identification:_identify(usb_camera_pkg) by extension 'ros'
[0.798s] DEBUG:colcon.colcon_core.package_identification:Package 'usb_camera_pkg' with type 'ros.ament_python' and name 'usb_camera_pkg'
[0.798s] Level 1:colcon.colcon_core.package_discovery:discover_packages(recursive) using defaults
[0.798s] Level 1:colcon.colcon_core.package_discovery:discover_packages(ignore) discover
[0.798s] Level 1:colcon.colcon_core.package_discovery:discover_packages(ignore) using defaults
[0.798s] Level 1:colcon.colcon_core.package_discovery:discover_packages(path) discover
[0.798s] Level 1:colcon.colcon_core.package_discovery:discover_packages(path) using defaults
[0.839s] Level 5:colcon.colcon_core.verb:set package 'usb_camera_pkg' build argument 'cmake_args' from command line to 'None'
[0.839s] Level 5:colcon.colcon_core.verb:set package 'usb_camera_pkg' build argument 'cmake_target' from command line to 'None'
[0.839s] Level 5:colcon.colcon_core.verb:set package 'usb_camera_pkg' build argument 'cmake_target_skip_unavailable' from command line to 'False'
[0.839s] Level 5:colcon.colcon_core.verb:set package 'usb_camera_pkg' build argument 'cmake_clean_cache' from command line to 'False'
[0.839s] Level 5:colcon.colcon_core.verb:set package 'usb_camera_pkg' build argument 'cmake_clean_first' from command line to 'False'
[0.839s] Level 5:colcon.colcon_core.verb:set package 'usb_camera_pkg' build argument 'cmake_force_configure' from command line to 'False'
[0.839s] Level 5:colcon.colcon_core.verb:set package 'usb_camera_pkg' build argument 'ament_cmake_args' from command line to 'None'
[0.839s] Level 5:colcon.colcon_core.verb:set package 'usb_camera_pkg' build argument 'catkin_cmake_args' from command line to 'None'
[0.839s] Level 5:colcon.colcon_core.verb:set package 'usb_camera_pkg' build argument 'catkin_skip_building_tests' from command line to 'False'
[0.839s] DEBUG:colcon.colcon_core.verb:Building package 'usb_camera_pkg' with the following arguments: {'ament_cmake_args': None, 'build_base': '/root/RPI/build/usb_camera_pkg', 'catkin_cmake_args': None, 'catkin_skip_building_tests': False, 'cmake_args': None, 'cmake_clean_cache': False, 'cmake_clean_first': False, 'cmake_force_configure': False, 'cmake_target': None, 'cmake_target_skip_unavailable': False, 'install_base': '/root/RPI/install/usb_camera_pkg', 'merge_install': False, 'path': '/root/RPI/usb_camera_pkg', 'symlink_install': False, 'test_result_base': None}
[0.840s] INFO:colcon.colcon_core.executor:Executing jobs using 'parallel' executor
[0.842s] DEBUG:colcon.colcon_parallel_executor.executor.parallel:run_until_complete
[0.843s] INFO:colcon.colcon_ros.task.ament_python.build:Building ROS package in '/root/RPI/usb_camera_pkg' with build type 'ament_python'
[0.843s] Level 1:colcon.colcon_core.shell:create_environment_hook('usb_camera_pkg', 'ament_prefix_path')
[0.848s] INFO:colcon.colcon_core.plugin_system:Skipping extension 'colcon_core.shell.bat': Not used on non-Windows systems
[0.848s] INFO:colcon.colcon_core.shell:Creating environment hook '/root/RPI/install/usb_camera_pkg/share/usb_camera_pkg/hook/ament_prefix_path.ps1'
[0.850s] INFO:colcon.colcon_core.shell:Creating environment descriptor '/root/RPI/install/usb_camera_pkg/share/usb_camera_pkg/hook/ament_prefix_path.dsv'
[0.856s] INFO:colcon.colcon_core.shell:Creating environment hook '/root/RPI/install/usb_camera_pkg/share/usb_camera_pkg/hook/ament_prefix_path.sh'
[0.859s] INFO:colcon.colcon_core.shell:Skip shell extension 'powershell' for command environment: Not usable outside of PowerShell
[0.859s] DEBUG:colcon.colcon_core.shell:Skip shell extension 'dsv' for command environment
[1.351s] INFO:colcon.colcon_core.task.python.build:Building Python package in '/root/RPI/usb_camera_pkg'
[1.351s] INFO:colcon.colcon_core.shell:Skip shell extension 'powershell' for command environment: Not usable outside of PowerShell
[1.351s] DEBUG:colcon.colcon_core.shell:Skip shell extension 'dsv' for command environment
[2.131s] DEBUG:colcon.colcon_core.event_handler.log_command:Invoking command in '/root/RPI/usb_camera_pkg': PYTHONPATH=/root/RPI/build/usb_camera_pkg/prefix_override:/usr/lib/python3/dist-packages/colcon_core/task/python/colcon_distutils_commands:/root/RPI/install/usb_camera_pkg/lib/python3.10/site-packages:${PYTHONPATH} /usr/bin/python3 -W ignore:setup.py install is deprecated setup.py egg_info --egg-base ../build/usb_camera_pkg build --build-base /root/RPI/build/usb_camera_pkg/build install --record /root/RPI/build/usb_camera_pkg/install.log --single-version-externally-managed install_data
[2.705s] DEBUG:colcon.colcon_core.event_handler.log_command:Invoked command in '/root/RPI/usb_camera_pkg' returned '0': PYTHONPATH=/root/RPI/build/usb_camera_pkg/prefix_override:/usr/lib/python3/dist-packages/colcon_core/task/python/colcon_distutils_commands:/root/RPI/install/usb_camera_pkg/lib/python3.10/site-packages:${PYTHONPATH} /usr/bin/python3 -W ignore:setup.py install is deprecated setup.py egg_info --egg-base ../build/usb_camera_pkg build --build-base /root/RPI/build/usb_camera_pkg/build install --record /root/RPI/build/usb_camera_pkg/install.log --single-version-externally-managed install_data
[2.709s] Level 1:colcon.colcon_core.environment:checking '/root/RPI/install/usb_camera_pkg' for CMake module files
[2.710s] Level 1:colcon.colcon_core.environment:checking '/root/RPI/install/usb_camera_pkg' for CMake config files
[2.711s] Level 1:colcon.colcon_core.environment:checking '/root/RPI/install/usb_camera_pkg/lib'
[2.712s] Level 1:colcon.colcon_core.environment:checking '/root/RPI/install/usb_camera_pkg/bin'
[2.712s] Level 1:colcon.colcon_core.environment:checking '/root/RPI/install/usb_camera_pkg/lib/pkgconfig/usb_camera_pkg.pc'
[2.713s] Level 1:colcon.colcon_core.environment:checking '/root/RPI/install/usb_camera_pkg/lib/python3.10/site-packages'
[2.713s] Level 1:colcon.colcon_core.shell:create_environment_hook('usb_camera_pkg', 'pythonpath')
[2.713s] INFO:colcon.colcon_core.shell:Creating environment hook '/root/RPI/install/usb_camera_pkg/share/usb_camera_pkg/hook/pythonpath.ps1'
[2.714s] INFO:colcon.colcon_core.shell:Creating environment descriptor '/root/RPI/install/usb_camera_pkg/share/usb_camera_pkg/hook/pythonpath.dsv'
[2.720s] INFO:colcon.colcon_core.shell:Creating environment hook '/root/RPI/install/usb_camera_pkg/share/usb_camera_pkg/hook/pythonpath.sh'
[2.721s] Level 1:colcon.colcon_core.environment:checking '/root/RPI/install/usb_camera_pkg/bin'
[2.722s] Level 1:colcon.colcon_core.environment:create_environment_scripts_only(usb_camera_pkg)
[2.722s] INFO:colcon.colcon_core.shell:Creating package script '/root/RPI/install/usb_camera_pkg/share/usb_camera_pkg/package.ps1'
[2.724s] INFO:colcon.colcon_core.shell:Creating package descriptor '/root/RPI/install/usb_camera_pkg/share/usb_camera_pkg/package.dsv'
[2.727s] INFO:colcon.colcon_core.shell:Creating package script '/root/RPI/install/usb_camera_pkg/share/usb_camera_pkg/package.sh'
[2.730s] INFO:colcon.colcon_core.shell:Creating package script '/root/RPI/install/usb_camera_pkg/share/usb_camera_pkg/package.bash'
[2.733s] INFO:colcon.colcon_core.shell:Creating package script '/root/RPI/install/usb_camera_pkg/share/usb_camera_pkg/package.zsh'
[2.736s] Level 1:colcon.colcon_core.environment:create_file_with_runtime_dependencies(/root/RPI/install/usb_camera_pkg/share/colcon-core/packages/usb_camera_pkg)
[2.737s] DEBUG:colcon.colcon_parallel_executor.executor.parallel:closing loop
[2.738s] DEBUG:colcon.colcon_parallel_executor.executor.parallel:loop closed
[2.738s] DEBUG:colcon.colcon_parallel_executor.executor.parallel:run_until_complete finished with '0'
[2.738s] DEBUG:colcon.colcon_core.event_reactor:joining thread
[2.754s] INFO:colcon.colcon_core.plugin_system:Skipping extension 'colcon_notification.desktop_notification.notify_send': Could not find 'notify-send'
[2.754s] INFO:colcon.colcon_core.plugin_system:Skipping extension 'colcon_notification.desktop_notification.terminal_notifier': Not used on non-Darwin systems
[2.754s] INFO:colcon.colcon_core.plugin_system:Skipping extension 'colcon_notification.desktop_notification.win32': Not used on non-Windows systems
[2.754s] INFO:colcon.colcon_notification.desktop_notification:Sending desktop notification using 'notify2'
[2.761s] DEBUG:colcon.colcon_notification.desktop_notification.notify2:Failed to initialize notify2: org.freedesktop.DBus.Error.Spawn.ExecFailed: /usr/bin/dbus-launch terminated abnormally without any error message
[2.762s] DEBUG:colcon.colcon_core.event_reactor:joined thread
[2.763s] INFO:colcon.colcon_core.shell:Creating prefix script '/root/RPI/install/local_setup.ps1'
[2.778s] INFO:colcon.colcon_core.shell:Creating prefix util module '/root/RPI/install/_local_setup_util_ps1.py'
[2.781s] INFO:colcon.colcon_core.shell:Creating prefix chain script '/root/RPI/install/setup.ps1'
[2.782s] INFO:colcon.colcon_core.shell:Creating prefix script '/root/RPI/install/local_setup.sh'
[2.784s] INFO:colcon.colcon_core.shell:Creating prefix util module '/root/RPI/install/_local_setup_util_sh.py'
[2.785s] INFO:colcon.colcon_core.shell:Creating prefix chain script '/root/RPI/install/setup.sh'
[2.788s] INFO:colcon.colcon_core.shell:Creating prefix script '/root/RPI/install/local_setup.bash'
[2.789s] INFO:colcon.colcon_core.shell:Creating prefix chain script '/root/RPI/install/setup.bash'
[2.793s] INFO:colcon.colcon_core.shell:Creating prefix script '/root/RPI/install/local_setup.zsh'
[2.797s] INFO:colcon.colcon_core.shell:Creating prefix chain script '/root/RPI/install/setup.zsh'
