[1.287s] Invoking command in '/root/RPI/usb_camera_pkg': PYTHONPATH=/root/RPI/build/usb_camera_pkg/prefix_override:/usr/lib/python3/dist-packages/colcon_core/task/python/colcon_distutils_commands:/root/RPI/install/usb_camera_pkg/lib/python3.10/site-packages:${PYTHONPATH} /usr/bin/python3 -W ignore:setup.py install is deprecated setup.py egg_info --egg-base ../build/usb_camera_pkg build --build-base /root/RPI/build/usb_camera_pkg/build install --record /root/RPI/build/usb_camera_pkg/install.log --single-version-externally-managed install_data
[1.679s] running egg_info
[1.680s] writing ../build/usb_camera_pkg/usb_camera_pkg.egg-info/PKG-INFO
[1.681s] writing dependency_links to ../build/usb_camera_pkg/usb_camera_pkg.egg-info/dependency_links.txt
[1.686s] writing entry points to ../build/usb_camera_pkg/usb_camera_pkg.egg-info/entry_points.txt
[1.687s] writing requirements to ../build/usb_camera_pkg/usb_camera_pkg.egg-info/requires.txt
[1.688s] writing top-level names to ../build/usb_camera_pkg/usb_camera_pkg.egg-info/top_level.txt
[1.691s] reading manifest file '../build/usb_camera_pkg/usb_camera_pkg.egg-info/SOURCES.txt'
[1.692s] writing manifest file '../build/usb_camera_pkg/usb_camera_pkg.egg-info/SOURCES.txt'
[1.692s] running build
[1.692s] running build_py
[1.693s] running install
[1.694s] running install_lib
[1.703s] running install_data
[1.704s] running install_egg_info
[1.707s] removing '/root/RPI/install/usb_camera_pkg/lib/python3.10/site-packages/usb_camera_pkg-0.0.0-py3.10.egg-info' (and everything under it)
[1.707s] Copying ../build/usb_camera_pkg/usb_camera_pkg.egg-info to /root/RPI/install/usb_camera_pkg/lib/python3.10/site-packages/usb_camera_pkg-0.0.0-py3.10.egg-info
[1.709s] running install_scripts
[1.751s] Installing camera_publisher script to /root/RPI/install/usb_camera_pkg/lib/usb_camera_pkg
[1.752s] Installing camera_subscriber script to /root/RPI/install/usb_camera_pkg/lib/usb_camera_pkg
[1.758s] writing list of installed files to '/root/RPI/build/usb_camera_pkg/install.log'
[1.861s] Invoked command in '/root/RPI/usb_camera_pkg' returned '0': PYTHONPATH=/root/RPI/build/usb_camera_pkg/prefix_override:/usr/lib/python3/dist-packages/colcon_core/task/python/colcon_distutils_commands:/root/RPI/install/usb_camera_pkg/lib/python3.10/site-packages:${PYTHONPATH} /usr/bin/python3 -W ignore:setup.py install is deprecated setup.py egg_info --egg-base ../build/usb_camera_pkg build --build-base /root/RPI/build/usb_camera_pkg/build install --record /root/RPI/build/usb_camera_pkg/install.log --single-version-externally-managed install_data
